GAMS 28.2.0  r750fa45 Released Aug 19, 2019 WEX-WEI x86 64bit/MS Windows 11/10/19 23:27:09 Page 1
Critical Mineral Methodology Model (GTM,SEQ=53)
C o m p i l a t i o n


   2   
   3  set
   4  i "element" /Titanium, Vanadium, Chromium, Antimony, Beryllium, Niobium, L
      ithium, Zirconium/,
   5  jti "Countries that produce Titanium" /UnitedStates, Australia, Brazil, Ca
      nada, China, India, Kenya, Madagascar, Mozambique, Norway, Senegal, Sierra
      Leone, SouthAfrica, Ukraine, Vietnam/,
   6  jva "Countries that produce Vanadium" /Brazil, China, Russia, SouthAfrica/
      ,
   7  jcr "Countries that produce Chromium" /India, Kazakhastan, SouthAfrica, Tu
      rkey/,
   8  jsb "Countries that produce Antimony" /Australia, Bolivia, Burma, China, G
      uatemala, Iran, Kazakhstan, Laos, Mexico, Pakistan, Russia,Tajikistan, Tur
      key, Vietnam/,
   9  jbe "Countries that produce Beryllium" /UnitedStates, Brazil, China, Madag
      ascar, Nigeria, Rwanda/,
  10  jnb "Countries that produce Niobium" /Brazil, Canada/,
  11  jli "Countries that produce Lithium" /Argentina, Australia, Brazil, Chile,
       China, Portugal, Namibia, Zimbabwe/,
  12  jzr "Countries that produce Zirconium" /UnitedStates, Australia, China, In
      donesia, Kenya, Mozambique, Senegal, SouthAfrica/;
  13   
  14  Table srti (jti,*) 'Titanium: To define the Supply Risk (R) is necessary t
      o use the following two inputs: Herfindahl-Hirschman Index (HHI) and the W
      orldwide Governance Indicators (WGI)'
  15                   S2              WGITotal
  16  UnitedStates     0.000268217     0.313689264
  17  Australia        0.02420659      0.276584101
  18  Brazil           6.70543E-05     0.525789279
  19  Canada           0.019378683     0.257517256
  20  China            0.019378683     0.542217247
  21  India            0.002577566     0.517253244
  22  Kenya            0.003671892     0.574066534
  23  Madagascar       0.000268217     0.603407986
  24  Mozambique       0.009915019     0.61558749
  25  Norway           0.001072868     0.23593001
  26  Senegal          0.00178536      0.509473606
  27  SierraLeone      0.000775147     0.584653769
  28  SouthAfrica      0.009655814     0.477704266
  29  Ukraine          0.002920884     0.59319898
  30  Vietnam          0.001072868     0.542239633
  31   
  32  Table srva (jva,*) 'Vanadium: To define the Supply Risk (R) is necessary t
      o use the following two inputs: Herfindahl-Hirschman Index (HHI) and the W
      orldwide Governance Indicators (WGI)'
  33                   S2               WGITotal
  34  Brazil           0.007366971     0.525789279
  35  China            0.296980451     0.542217247
  36  Russia           0.060138541     0.593456883
  37  SouthAfrica      0.015370594     0.477704266
  38   
  39  Table srcr (jcr,*) 'Chromium: To define the Supply Risk (R) is necessary t
      o use the following two inputs: Herfindahl-Hirschman Index (HHI) and the W
      orldwide Governance Indicators (WGI)'
  40                   S2              WGITotal
  41  India            0.009611688     0.517253244
  42  Kazakhastan      0.01660272      0.549394146
  43  SouthAfrica      0.20086466      0.477704266
  44  Turkey           0.033150515     0.560995649
  45   
  46  Table srsb (jsb,*) 'Antimony: To define the Supply Risk (R) is necessary t
      o use the following two inputs: Herfindahl-Hirschman Index (HHI) and the W
      orldwide Governance Indicators (WGI)'
  47                   S2              WGITotal
  48  Australia        0.00049936      0.276584101
  49  Bolivia          0.000378807     0.580264644
  50  Burma            5.19626E-05     0.626721934
  51  China            0.519625593     0.542217247
  52  Guatemala        3.24766E-08     0.583194685
  53  Iran             4.67663E-06     0.619480769
  54  Kazakhstan       2.54617E-05     0.549394146
  55  Laos             4.67663E-06     0.58247754
  56  Mexico           2.99304E-06     0.581870643
  57  Pakistan         1.87065E-07     0.631710937
  58  Russia           0.010184662     0.593456883
  59  Tajikistan       0.010184662     0.671168467
  60  Turkey           0.00020785      0.560995649
  61  Vietnam          4.67663E-06     0.542239633
  62   
  63  Table srbe (jbe,*) 'Beryllium: To define the Supply Risk (R) is necessary 
      to use the following two inputs: Herfindahl-Hirschman Index (HHI) and the 
      Worldwide Governance Indicators (WGI)'
  64                   S2              WGITotal
  65  UnitedStates     0.527796041     0.313689264
  66  Brazil           0.000164366     0.525789279
  67  China            0.045657097     0.542217247
  68  Madagascar       0.000657462     0.603407986
  69  Nigeria          0.000292205     0.636141449
  70  Rwanda           1.82628E-05     0.506010697
  71   
  72  Table srnb (jnb,*) 'Niobium: To define the Supply Risk (R) is necessary to
       use the following two inputs: Herfindahl-Hirschman Index (HHI) and the Wo
      rldwide Governance Indicators (WGI)'
  73                   S2              WGITotal
  74  Brazil           0.778546713     0.525789279
  75  Canada           0.010596886     0.257517256
  76   
  77  Table srli (jli,*) 'Lithium: To define the Supply Risk (R) is necessary to
       use the following two inputs: Herfindahl-Hirschman Index (HHI) and the Wo
      rldwide Governance Indicators (WGI)'
  78                   S2              WGITotal
  79  Argentina        0.005358171     0.496405521
  80  Australia        0.362554693     0.276584101
  81  Brazil           5.01806E-05     0.525789279
  82  Chile            0.035683968     0.364110036
  83  China            0.008920992     0.542217247
  84  Portugal         8.92099E-05     0.343664282
  85  Namibia          3.48476E-05     0.456248267
  86  Zimbabwe         0.00035684      0.674818572
  87   
  88  Table srzr (jzr,*) 'Zirconium: To define the Supply Risk (R) is necessary 
      to use the following two inputs: Herfindahl-Hirschman Index (HHI) and the 
      Worldwide Governance Indicators (WGI)'
  89                   S2              WGITotal
  90  UnitedStates     0.004271861     0.313689264
  91  Australia        0.106796531     0.276584101
  92  China            0.009611688     0.542217247
  93  Indonesia        0.004271861     0.523963606
  94  Kenya            0.000865052     0.574066534
  95  Mozambique       0.002733991     0.61558749
  96  Senegal          0.002733991     0.509473606
  97  SouthAfrica      0.0523303       0.5
  98   
  99  Table pg (i,*) 'Lithium: To define Production Growth (G) it is necessary t
      o use the global primary production from 2013 and 2018 as an input. Global
       Primary Production Quantity'
 100                   Production2013          Production2018
 101  Titanium         7550                    6100
 102  Vanadium         81400                   71200
 103  Chromium         28800000                31000000
 104  Antimony         193000                  140000
 105  Beryllium        7400                    5300
 106  Niobium          51000                   68000
 107  Lithium          35000                   85000
 108  Zirconium        1440                    1500
 109   
 110   
 111  Table md (i,*) 'To define the Market Dynamic (M) is necessary to use as in
      put the prices of the mineral in the last 5 years (2013-2018). Price Conve
      rt to 1998 US. dolars'
 112                   Price2013       Price2014       Price2015       Price2016
             Price2017       Price2018
 113  Titanium         8.221474349     9.364017302     7.702401094     6.6963880
      22     5.353092363     5.582480775
 114  Vanadium         4.373124654     3.862657137     2.860891835     2.2955163
      81     5.060500979     9.087759401
 115  Chromium         274.2823783     213.444512      167.1145952     145.33742
      77     126.3462794     207.7202149
 116  Antimony         3.239610744     2.926255407     2.248826034     2.2751419
      75     2.646622063     2.531590119
 117  Beryllium        146.2372884     323.6094215     336.9800478     346.36489
      77     425.5874674     324.5628358
 118  Niobium          18.8918985      17.90179778     16.5051452      14.262084
      02     13.29960836     13.63163910
 119  Lithium          4757.959623     4606.270276     4470.143492     5025.6867
      51     5752.080614     9022.846834
 120  Zirconium        696.9011448     780.1052649     729.6649607     595.61179
      47     609.1220627     778.9508058
 121   
 122   
 123  parameter
 124  *Supply risk interior factor (HHI and WGI) parameter definition
 125  RIti(jti) 'Herfindahl-Hirschman Index for the titanium producing countries
       * World Governance Index for the titanium producing countries'
 126  RIva(jva) 'Herfindahl-Hirschman Index for the vanadium producing countries
       * World Governance Index for the vanadium producing countries'
 127  RIcr(jcr) 'Herfindahl-Hirschman Index for the chromium producing countries
       * World Governance Index for the chromium producing countries'
 128  RIsb(jsb) 'Herfindahl-Hirschman Index for the antimony producing countries
       * World Governance Index for the antimony producing countries'
 129  RIbe(jbe) 'Herfindahl-Hirschman Index for the beryllium producing countrie
      s * World Governance Index for the beryllium producing countries'
 130  RInb(jnb) 'Herfindahl-Hirschman Index for the niobium producing countries 
      * World Governance Index for the niobium producing countries'
 131  RIli(jli) 'Herfindahl-Hirschman Index for the lithium producing countries 
      * World Governance Index for the lithium producing countries'
 132  RIzr(jzr) 'Herfindahl-Hirschman Index for the zirconium producing countrie
      s * World Governance Index for the zirconium producing countries'
 133   
 134  *Price Parameter definition
 135  averageprice(i)'average price of the different minerals in the last 5 year
      s (2013-2018)'
 136  sumprice(i) 'price sum of the different minerals in the last 5 years (2013
      -2018)'
 137   
 138  *Production Parameter definition
 139  globalprod2013(i)'Global Primary Production of the minerales in 2013'
 140  globalprod2018(i) 'Global Primary Production of the minerales in 2015';
 141   
 142  *HHI and WGI parameter Equation definition (row)
 143  RIti(jti) = srti (jti,"S2")* srti (jti,"WGITotal");
 144  RIva(jva) = srva (jva,"S2")* srva (jva,"WGITotal");
 145  RIcr(jcr) = srcr (jcr,"S2")* srcr (jcr,"WGITotal");
 146  RIsb(jsb) = srsb (jsb,"S2")* srsb (jsb,"WGITotal");
 147  RIbe(jbe) = srbe (jbe,"S2")* srbe (jbe,"WGITotal");
 148  RInb(jnb) = srnb (jnb,"S2")* srnb (jnb,"WGITotal");
 149  RIli(jli) = srli (jli,"S2")* srli (jli,"WGITotal");
 150  RIzr(jzr) = srzr (jzr,"S2")* srzr (jzr,"WGITotal");
 151   
 152  *Price parameter Equation definition (row)
 153  averageprice(i) = (md (i,"Price2013")+ md (i,"Price2014") + md (i,"Price20
      15") + md (i,"Price2016") + md (i,"Price2017") + md (i,"Price2018"))/5;
 154  sumprice(i) = md (i,"Price2013")+ md (i,"Price2014") + md (i,"Price2015") 
      + md (i,"Price2016") + md (i,"Price2017") + md (i,"Price2018");
 155   
 156  *Production parameter Equation definition (row)
 157  globalprod2013(i) = pg (i, "Production2013");
 158  globalprod2018(i) = pg (i, "Production2018");
 159   
 160  Positive Variables
 161  R "Supply Risk",
 162  G "Production Growth",
 163  M "Market Dynamic",
 164  C "Critical value";
 165   
 166   
 167   
 168   

**** LIST OF STRAY NAMES - CHECK DECLARATIONS FOR SPURIOUS COMMAS
**** STRAY NAME G OF TYPE VAR  
**** STRAY NAME M OF TYPE VAR  
**** STRAY NAME C OF TYPE VAR  


COMPILATION TIME     =        0.000 SECONDS      3 MB  28.2.0 r750fa45 WEX-WEI
GAMS 28.2.0  r750fa45 Released Aug 19, 2019 WEX-WEI x86 64bit/MS Windows 11/10/19 23:27:09 Page 2
Critical Mineral Methodology Model (GTM,SEQ=53)
E x e c u t i o n


EXECUTION TIME       =        0.000 SECONDS      4 MB  28.2.0 r750fa45 WEX-WEI


USER: GAMS Development Corporation, USA              G871201/0000CA-ANY
      Free Demo, +1 202-342-0180, support@gams.com, www.gams.com DC0000


**** FILE SUMMARY

Input      Z:\adit\Desktop\2019-2\Primary Fuels\Gams Model\CMM.gms
Output     Z:\adit\My Documents\gamsdir\projdir\CMM.lst
